// Jest Snapshot v1, https://goo.gl/fbAQLP

exports[`<Button /> shallow rendering matches the snapshot Button 1`] = `
<input
  className="button"
  type="button"
/>
`;
