// Jest Snapshot v1, https://goo.gl/fbAQLP

exports[`<ErrorBoundary /> shallow rendering should render ErrorBoundary 1`] = `""`;
