// Jest Snapshot v1, https://goo.gl/fbAQLP

exports[`<Search /> shallow rendering should render a div 1`] = `
<div
  className="search__box"
/>
`;
