// Jest Snapshot v1, https://goo.gl/fbAQLP

exports[`<ListItem /> shallow rendering should render div 1`] = `
<div
  className="list-item"
/>
`;
